red horse;NA;no;no
blue soldier;NA;no;no
red captain;NA;no;no
blue horse;NA;no;no
red soldier;NA;no;no
blue elephant;NA;no;no
red captain;NA;no;no
blue soldier;NA;no;no
red horse;NA;no;no
blue car;NA;no;no
red duck;NA;no;no
blue car;NA;no;no
red guard;NA;no;no
blue soldier;NA;no;no
red soldier;NA;no;no
blue car;NA;no;no
red guard;NA;no;no
blue car;NA;no;no
red soldier;NA;no;no
blue soldier;NA;no;no
red horse;NA;no;no
blue guard;NA;no;no
red elephant;NA;no;no
blue captain;NA;no;no
red elephant;NA;no;no
blue captain;NA;no;no
red horse;NA;no;no
blue car;NA;no;no
red duck;NA;no;no
blue car;NA;no;no
red captain;NA;no;no
blue car;NA;no;no
red soldier;NA;no;no
blue car;NA;no;no
red duck;NA;no;no
blue soldier;NA;no;no
red soldier;NA;no;no
blue horse;NA;no;no
red soldier;NA;no;no
blue soldier;NA;no;no
red duck;NA;no;no
blue car;NA;no;no
red soldier;NA;no;no
blue elephant;red duck;no;no
red soldier;NA;no;no
blue car;NA;no;no
red duck;NA;no;no
blue soldier;NA;no;no
red soldier;NA;no;no
blue horse;NA;no;no
red guard;NA;no;no
blue captain;NA;no;no
red soldier;NA;no;no
blue soldier;NA;no;no
red elephant;NA;no;no
blue captain;NA;no;no
red elephant;NA;no;no
blue soldier;NA;no;no
red captain;NA;no;no
blue elephant;NA;no;no
red elephant;NA;no;no
blue soldier;NA;no;no
red elephant;NA;no;no
blue soldier;red soldier;no;no
red soldier;NA;no;no
blue soldier;NA;no;no
red horse;NA;no;no
blue elephant;NA;no;no
red captain;NA;yes;no
blue car;NA;yes;no
red soldier;NA;yes;no
blue duck;NA;yes;no
red guard;blue elephant;yes;no
blue car;NA;yes;no
red guard;NA;yes;no
blue horse;NA;yes;no
red duck;blue soldier;yes;no
blue horse;NA;yes;no
red soldier;NA;yes;no
blue car;NA;yes;no
red soldier;NA;yes;no
blue car;red soldier;yes;no
red elephant;NA;yes;no
blue duck;NA;yes;no
red soldier;NA;yes;no
blue soldier;red soldier;yes;no
red soldier;NA;yes;no
blue duck;NA;yes;no
red car;NA;yes;no
blue guard;NA;yes;no
red captain;NA;yes;no
blue horse;NA;yes;no
red soldier;NA;yes;no
blue horse;NA;yes;no
red car;NA;yes;no
blue soldier;NA;yes;no
red soldier;NA;yes;no
blue car;NA;yes;no
red guard;NA;yes;no
blue soldier;NA;yes;no
red car;NA;yes;no
blue soldier;NA;yes;no
red soldier;NA;yes;no
blue soldier;NA;yes;no
red elephant;NA;yes;no
blue soldier;NA;yes;no
red car;NA;yes;no
blue captain;NA;yes;no
red car;NA;yes;no
blue elephant;NA;yes;no
red elephant;NA;yes;no
blue soldier;NA;yes;no
red horse;NA;yes;no
blue horse;NA;yes;no
red captain;NA;no;no
blue car;NA;no;no
red car;NA;no;no
blue car;NA;no;no
red guard;NA;no;no
blue soldier;NA;no;no
red duck;NA;no;no
blue horse;red duck;no;no
red soldier;NA;no;no
blue soldier;NA;no;no
red elephant;NA;no;no
blue duck;NA;no;no
red elephant;NA;no;no
blue soldier;NA;no;no
red elephant;NA;no;no
blue duck;NA;no;no
red captain;NA;no;no
blue duck;NA;no;no
red elephant;NA;no;no
blue guard;NA;no;no
red horse;NA;no;no
blue soldier;NA;no;no
red guard;NA;no;no
blue car;NA;no;no
red soldier;NA;no;no
blue car;red elephant;no;no
red captain;NA;no;no
blue duck;NA;no;no
red soldier;NA;no;no
blue guard;NA;no;no
red guard;NA;no;no
blue horse;NA;no;no
red car;NA;no;no
blue guard;NA;no;no
red guard;NA;no;no
blue car;NA;no;no
red guard;NA;no;no
blue car;NA;no;no
red horse;NA;no;no
blue horse;NA;no;no
red horse;NA;no;no
blue car;NA;no;no
red horse;NA;no;no
blue soldier;NA;no;no
red captain;NA;no;no
blue soldier;NA;no;no
red car;NA;no;no
blue soldier;NA;no;no
red car;NA;no;no
blue captain;NA;no;no
red captain;NA;no;no
blue guard;NA;no;no
red captain;blue duck;no;no
blue soldier;NA;no;no
red soldier;NA;no;no
blue horse;NA;no;no
red horse;NA;no;no
blue guard;NA;no;no
red guard;blue car;no;no
blue guard;NA;no;no
red soldier;NA;no;no
blue captain;NA;no;no
red guard;NA;no;no
blue soldier;NA;no;no
red soldier;NA;no;no
blue duck;NA;no;no
red guard;NA;no;no
blue guard;NA;no;no
red guard;NA;no;no
blue soldier;NA;no;no
red car;NA;no;no
blue elephant;NA;no;no
red guard;NA;no;no
blue elephant;NA;no;no
red guard;NA;no;no
blue soldier;NA;no;no
red soldier;NA;no;no
blue captain;NA;no;no
red guard;NA;no;no
blue soldier;NA;no;no
red soldier;NA;no;no
blue elephant;NA;no;no
red horse;blue elephant;no;no
blue soldier;NA;no;no
red captain;NA;no;no
blue captain;NA;no;no
red car;NA;no;no
blue captain;NA;no;no
red horse;NA;no;no
blue guard;NA;no;no
red soldier;NA;no;no
blue guard;NA;no;no
red soldier;blue car;no;no
blue horse;NA;no;no
red captain;NA;no;no
blue soldier;NA;no;no
red guard;NA;no;no
blue captain;NA;no;no
red elephant;NA;no;no
blue soldier;NA;no;no
red car;NA;no;no
blue soldier;NA;no;no
red elephant;NA;no;no
blue soldier;NA;no;no
red horse;NA;no;no
blue soldier;NA;no;no
red car;NA;no;no
blue soldier;NA;no;no
red soldier;NA;no;no
blue horse;NA;no;no
red car;NA;no;no
blue horse;NA;no;no
red soldier;blue soldier;no;no
blue duck;NA;yes;no
red guard;NA;yes;no
blue duck;NA;no;no
red car;NA;no;no
blue guard;NA;no;no
red captain;NA;no;no
blue horse;red horse;no;no
red car;NA;no;no
blue captain;NA;no;no
red horse;NA;no;no
blue soldier;NA;no;no
red captain;NA;no;no
blue captain;NA;no;no
red elephant;NA;no;no
blue duck;NA;no;no
red car;NA;no;no
blue guard;NA;no;no
red soldier;NA;no;no
blue soldier;NA;no;no
red soldier;NA;no;no
blue captain;NA;no;no
red car;NA;no;no
blue guard;red horse;no;no
red soldier;NA;no;no
blue captain;NA;yes;no
red soldier;blue soldier;yes;no
blue duck;NA;yes;no
red soldier;NA;yes;no
blue horse;NA;yes;no
red car;NA;yes;no
blue captain;NA;yes;no
red guard;NA;yes;no
blue soldier;NA;yes;no
red guard;NA;yes;no
blue horse;NA;yes;no
red guard;NA;yes;no
blue captain;NA;yes;no
red guard;NA;yes;no
blue captain;NA;yes;no
red soldier;NA;yes;no
blue soldier;NA;yes;no
red captain;NA;yes;no
blue horse;red guard;yes;no
red captain;NA;yes;no
blue duck;NA;yes;no
red captain;NA;yes;no
blue guard;NA;yes;no
red captain;NA;yes;no
blue guard;NA;yes;no
red captain;NA;yes;no
blue horse;NA;yes;no
red guard;NA;yes;no
blue duck;NA;yes;no
red car;NA;yes;no
blue horse;NA;yes;no
red elephant;NA;yes;no
blue soldier;NA;yes;no
red car;NA;yes;no
blue duck;NA;yes;no
red car;NA;yes;no
blue horse;NA;yes;no
red captain;NA;yes;no
blue horse;NA;yes;no
red car;NA;yes;no
blue guard;NA;yes;no
red soldier;NA;yes;no
blue soldier;NA;yes;no
red car;NA;yes;no
blue guard;NA;yes;no
red captain;NA;yes;no
blue guard;NA;yes;no
red car;NA;yes;no
blue duck;NA;yes;no
red guard;NA;yes;no
blue guard;NA;yes;no
red elephant;NA;yes;no
blue soldier;NA;yes;no
red car;NA;yes;no
blue soldier;NA;yes;no
red guard;NA;yes;no
blue soldier;NA;yes;no
red car;NA;yes;no
blue soldier;NA;yes;no
red car;blue horse;yes;no
blue soldier;NA;yes;no
red guard;NA;yes;no
blue horse;NA;yes;no
red car;NA;yes;no
blue captain;NA;yes;no
red guard;NA;yes;no
blue horse;red soldier;no;no
red car;NA;no;no
blue soldier;NA;no;no
red captain;NA;yes;no
blue soldier;NA;yes;no
red soldier;NA;yes;no
blue captain;NA;yes;no
red guard;NA;yes;no
blue soldier;NA;yes;no
red car;NA;yes;no
blue soldier;NA;yes;no
red elephant;NA;yes;no
blue guard;red captain;no;yes
